// Jest Snapshot v1, https://goo.gl/fbAQLP

exports[`Features matches snapshot 1`] = `
<DocumentFragment>
  <section
    class="makeStyles-subSection-4"
  >
    <h2>
      FEATURES
    </h2>
    <p>
      Lorem ipsum dolor sit, amet consectetur adipisicing elit. Ducimus ipsum quas eum saepe molestiae numquam dolores autem facilis! Veniam harum nam dolore cumque, sed illum eligendi incidunt unde earum modi.
    </p>
    <p>
      Lorem, ipsum dolor sit amet consectetur adipisicing elit. Molestiae ullam quia animi voluptatem autem, temporibus dolore, pariatur ipsam reprehenderit sapiente numquam nobis molestias asperiores magnam culpa ratione deserunt id dignissimos.
    </p>
  </section>
</DocumentFragment>
`;
